2026-02-26 08:55:06 - Starting Notification Process. Approver ID: 25
2026-02-26 08:55:06 - Token found: fzRjWowsSH...
2026-02-26 08:55:07 - Google Access Token Acquired
2026-02-26 08:55:07 - FCM Response: {
  "name": "projects/dashboard-yac/messages/0:1772070909400854%a6008fffa6008fff"
}

2026-02-26 09:20:29 - Starting Notification Process. Approver ID: 1
2026-02-26 09:20:29 - Token found: fzRjWowsSH...
2026-02-26 09:20:29 - Google Access Token Acquired
2026-02-26 09:20:29 - FCM Response: {
  "name": "projects/dashboard-yac/messages/0:1772072431706572%a6008fffa6008fff"
}

2026-02-26 10:33:34 - Starting Notification Process. Approver ID: 1
2026-02-26 10:33:34 - Token found: fzRjWowsSH...
2026-02-26 10:33:34 - Google Access Token Acquired
2026-02-26 10:33:35 - FCM Response: {
  "name": "projects/dashboard-yac/messages/0:1772076817476465%a6008fffa6008fff"
}

2026-02-26 12:49:14 - Starting Notification Process. Approver ID: 82
2026-02-26 12:49:14 - Token found: fzRjWowsSH...
2026-02-26 12:49:17 - Google Access Token Acquired
2026-02-26 12:49:20 - FCM Response: {
  "name": "projects/dashboard-yac/messages/0:1772084962974560%a6008fffa6008fff"
}

2026-02-26 18:45:32 - Starting Notification Process. Approver ID: 179
2026-02-26 18:45:32 - Token found: fzRjWowsSH...
2026-02-26 18:45:32 - Google Access Token Acquired
2026-02-26 18:45:33 - FCM Response: {
  "name": "projects/dashboard-yac/messages/0:1772106335571234%a6008fffa6008fff"
}

2026-02-26 19:08:49 - Starting Notification Process. Approver ID: 179
2026-02-26 19:08:49 - Token found: fzRjWowsSH...
2026-02-26 19:08:49 - Google Access Token Acquired
2026-02-26 19:08:49 - FCM Response: {
  "name": "projects/dashboard-yac/messages/0:1772107732314551%a6008fffa6008fff"
}

