[2026-02-25 09:02:21] Request Masuk! User ID: '40' | Token: d7g3xSwxS6Gnsjc...
[2026-02-25 09:02:21] SUKSES: Token berhasil diupdate untuk User ID 40.
[2026-02-25 09:03:22] Request Masuk! User ID: '40' | Token: d7g3xSwxS6Gnsjc...
[2026-02-25 09:03:22] SUKSES: Token berhasil diupdate untuk User ID 40.
[2026-02-26 08:47:54] Request Masuk! User ID: '40' | Token: d7g3xSwxS6Gnsjc...
[2026-02-26 08:47:54] SUKSES: Token berhasil diupdate untuk User ID 40.
[2026-02-26 08:53:56] Request Masuk! User ID: '179' | Token: fzRjWowsSH2rPph...
[2026-02-26 08:53:56] SUKSES: Token berhasil diupdate untuk User ID 179.
[2026-02-26 08:58:22] Request Masuk! User ID: '179' | Token: fzRjWowsSH2rPph...
[2026-02-26 08:58:22] SUKSES: Token berhasil diupdate untuk User ID 179.
[2026-02-26 09:04:01] Request Masuk! User ID: '179' | Token: fzRjWowsSH2rPph...
[2026-02-26 09:04:01] SUKSES: Token berhasil diupdate untuk User ID 179.
[2026-02-26 09:17:41] Request Masuk! User ID: '179' | Token: fzRjWowsSH2rPph...
[2026-02-26 09:17:41] SUKSES: Token berhasil diupdate untuk User ID 179.
[2026-02-26 09:19:07] Request Masuk! User ID: '199' | Token: fzRjWowsSH2rPph...
[2026-02-26 09:19:07] SUKSES: Token berhasil diupdate untuk User ID 199.
[2026-02-26 09:20:09] Request Masuk! User ID: '179' | Token: d7g3xSwxS6Gnsjc...
[2026-02-26 09:20:09] SUKSES: Token berhasil diupdate untuk User ID 179.
[2026-02-26 09:52:43] Request Masuk! User ID: '199' | Token: fzRjWowsSH2rPph...
[2026-02-26 09:52:43] SUKSES: Token berhasil diupdate untuk User ID 199.
[2026-02-26 10:32:59] Request Masuk! User ID: '179' | Token: d7g3xSwxS6Gnsjc...
[2026-02-26 10:32:59] SUKSES: Token berhasil diupdate untuk User ID 179.
[2026-02-26 10:34:53] Request Masuk! User ID: '179' | Token: fzRjWowsSH2rPph...
[2026-02-26 10:34:53] SUKSES: Token berhasil diupdate untuk User ID 179.
[2026-02-26 11:10:54] Request Masuk! User ID: '9' | Token: fzRjWowsSH2rPph...
[2026-02-26 11:10:54] SUKSES: Token berhasil diupdate untuk User ID 9.
[2026-02-26 12:47:10] Request Masuk! User ID: '179' | Token: d7g3xSwxS6Gnsjc...
[2026-02-26 12:47:10] SUKSES: Token berhasil diupdate untuk User ID 179.
[2026-02-26 12:47:54] Request Masuk! User ID: '38' | Token: d7g3xSwxS6Gnsjc...
[2026-02-26 12:47:54] SUKSES: Token berhasil diupdate untuk User ID 38.
[2026-02-26 12:48:53] Request Masuk! User ID: '38' | Token: d7g3xSwxS6Gnsjc...
[2026-02-26 12:48:53] SUKSES: Token berhasil diupdate untuk User ID 38.
[2026-02-26 12:51:38] Request Masuk! User ID: '9' | Token: d7g3xSwxS6Gnsjc...
[2026-02-26 12:51:38] SUKSES: Token berhasil diupdate untuk User ID 9.
[2026-02-26 13:34:41] Request Masuk! User ID: '9' | Token: d7g3xSwxS6Gnsjc...
[2026-02-26 13:34:41] SUKSES: Token berhasil diupdate untuk User ID 9.
[2026-02-26 16:21:37] Request Masuk! User ID: '9' | Token: d7g3xSwxS6Gnsjc...
[2026-02-26 16:21:37] SUKSES: Token berhasil diupdate untuk User ID 9.
[2026-02-26 16:22:04] Request Masuk! User ID: '179' | Token: d7g3xSwxS6Gnsjc...
[2026-02-26 16:22:04] SUKSES: Token berhasil diupdate untuk User ID 179.
[2026-02-26 16:22:39] Request Masuk! User ID: '199' | Token: d7g3xSwxS6Gnsjc...
[2026-02-26 16:22:39] SUKSES: Token berhasil diupdate untuk User ID 199.
[2026-02-26 16:41:46] Request Masuk! User ID: '199' | Token: d7g3xSwxS6Gnsjc...
[2026-02-26 16:41:46] SUKSES: Token berhasil diupdate untuk User ID 199.
[2026-02-26 16:48:14] Request Masuk! User ID: '82' | Token: d7g3xSwxS6Gnsjc...
[2026-02-26 16:48:14] SUKSES: Token berhasil diupdate untuk User ID 82.
[2026-02-26 16:51:28] Request Masuk! User ID: '57' | Token: d7g3xSwxS6Gnsjc...
[2026-02-26 16:51:28] SUKSES: Token berhasil diupdate untuk User ID 57.
[2026-02-26 17:49:05] Request Masuk! User ID: '10' | Token: fzRjWowsSH2rPph...
[2026-02-26 17:49:05] SUKSES: Token berhasil diupdate untuk User ID 10.
[2026-02-26 17:50:14] Request Masuk! User ID: '10' | Token: fzRjWowsSH2rPph...
[2026-02-26 17:50:14] SUKSES: Token berhasil diupdate untuk User ID 10.
[2026-02-26 17:50:41] Request Masuk! User ID: '9' | Token: fzRjWowsSH2rPph...
[2026-02-26 17:50:41] SUKSES: Token berhasil diupdate untuk User ID 9.
[2026-02-26 17:53:19] Request Masuk! User ID: '57' | Token: d7g3xSwxS6Gnsjc...
[2026-02-26 17:53:19] SUKSES: Token berhasil diupdate untuk User ID 57.
[2026-02-26 18:43:58] Request Masuk! User ID: '179' | Token: fzRjWowsSH2rPph...
[2026-02-26 18:43:58] SUKSES: Token berhasil diupdate untuk User ID 179.
[2026-02-26 18:45:15] Request Masuk! User ID: '9' | Token: d7g3xSwxS6Gnsjc...
[2026-02-26 18:45:15] SUKSES: Token berhasil diupdate untuk User ID 9.
[2026-02-26 19:04:28] Request Masuk! User ID: '179' | Token: fzRjWowsSH2rPph...
[2026-02-26 19:04:28] SUKSES: Token berhasil diupdate untuk User ID 179.
[2026-02-26 22:24:23] Request Masuk! User ID: '179' | Token: fzRjWowsSH2rPph...
[2026-02-26 22:24:23] SUKSES: Token berhasil diupdate untuk User ID 179.
[2026-02-26 22:32:40] Request Masuk! User ID: '179' | Token: fzRjWowsSH2rPph...
[2026-02-26 22:32:40] SUKSES: Token berhasil diupdate untuk User ID 179.
[2026-02-26 23:13:24] Request Masuk! User ID: '40' | Token: fzRjWowsSH2rPph...
[2026-02-26 23:13:24] SUKSES: Token berhasil diupdate untuk User ID 40.
[2026-02-28 23:34:00] Request Masuk! User ID: '40' | Token: eEBbWF8KRRWjeXh...
[2026-02-28 23:34:00] SUKSES: Token berhasil diupdate untuk User ID 40.
[2026-03-01 11:49:33] Request Masuk! User ID: '40' | Token: fzRjWowsSH2rPph...
[2026-03-01 11:49:33] SUKSES: Token berhasil diupdate untuk User ID 40.
[2026-03-01 12:01:37] Request Masuk! User ID: '1' | Token: fzRjWowsSH2rPph...
[2026-03-01 12:01:37] SUKSES: Token berhasil diupdate untuk User ID 1.
[2026-03-01 12:43:33] Request Masuk! User ID: '1' | Token: fzRjWowsSH2rPph...
[2026-03-01 12:43:33] SUKSES: Token berhasil diupdate untuk User ID 1.
[2026-03-01 13:53:40] Request Masuk! User ID: '157' | Token: fzRjWowsSH2rPph...
[2026-03-01 13:53:40] SUKSES: Token berhasil diupdate untuk User ID 157.
[2026-03-01 13:56:54] Request Masuk! User ID: '199' | Token: d7g3xSwxS6Gnsjc...
[2026-03-01 13:56:54] SUKSES: Token berhasil diupdate untuk User ID 199.
[2026-03-01 14:32:21] Request Masuk! User ID: '40' | Token: fzRjWowsSH2rPph...
[2026-03-01 14:32:21] SUKSES: Token berhasil diupdate untuk User ID 40.
[2026-03-01 16:33:16] Request Masuk! User ID: '179' | Token: eLbnGmhdSsScJ9j...
[2026-03-01 16:33:16] SUKSES: Token berhasil diupdate untuk User ID 179.
2026-03-01 16:36:24 [MEETING] - Starting FCM notifications for meeting ID: 5
2026-03-01 16:36:24 [MEETING] - FCM sent to participant ID 40
2026-03-01 16:36:24 [MEETING] - FCM completed. Sent: 1 notifications
[2026-03-01 16:38:11] Request Masuk! User ID: '179' | Token: fzRjWowsSH2rPph...
[2026-03-01 16:38:11] SUKSES: Token berhasil diupdate untuk User ID 179.
[2026-03-01 16:38:28] Request Masuk! User ID: '40' | Token: eLbnGmhdSsScJ9j...
[2026-03-01 16:38:28] SUKSES: Token berhasil diupdate untuk User ID 40.
[2026-03-01 16:41:08] Request Masuk! User ID: '199' | Token: d7g3xSwxS6Gnsjc...
[2026-03-01 16:41:08] SUKSES: Token berhasil diupdate untuk User ID 199.
2026-03-01 17:23:43 [MEETING] - Starting FCM notifications for meeting ID: 6
2026-03-01 17:23:44 [MEETING] - FCM failed for participant ID 2: {
  "error": {
    "code": 404,
    "message": "Requested entity was not found.",
    "status": "NOT_FOUND",
    "details": [
      {
        "@type": "type.googleapis.com/google.firebase.fcm.v1.FcmError",
        "errorCode": "UNREGISTERED"
      }
    ]
  }
}

2026-03-01 17:23:44 [MEETING] - FCM sent to participant ID 9
2026-03-01 17:23:45 [MEETING] - FCM sent to participant ID 11
2026-03-01 17:23:45 [MEETING] - FCM sent to participant ID 25
2026-03-01 17:23:45 [MEETING] - FCM sent to participant ID 38
2026-03-01 17:23:46 [MEETING] - FCM sent to participant ID 40
2026-03-01 17:23:46 [MEETING] - FCM sent to participant ID 82
2026-03-01 17:23:46 [MEETING] - FCM failed for participant ID 123: {
  "error": {
    "code": 404,
    "message": "Requested entity was not found.",
    "status": "NOT_FOUND",
    "details": [
      {
        "@type": "type.googleapis.com/google.firebase.fcm.v1.FcmError",
        "errorCode": "UNREGISTERED"
      }
    ]
  }
}

2026-03-01 17:23:47 [MEETING] - FCM sent to participant ID 158
2026-03-01 17:23:47 [MEETING] - FCM sent to participant ID 179
2026-03-01 17:23:47 [MEETING] - FCM completed. Sent: 8 notifications
[2026-03-03 10:37:09] Request Masuk! User ID: '179' | Token: fzRjWowsSH2rPph...
[2026-03-03 10:37:09] SUKSES: Token berhasil diupdate untuk User ID 179.
[2026-03-03 10:40:39] Request Masuk! User ID: '40' | Token: d7g3xSwxS6Gnsjc...
[2026-03-03 10:40:39] SUKSES: Token berhasil diupdate untuk User ID 40.
[2026-03-03 13:09:07] Request Masuk! User ID: '179' | Token: fzRjWowsSH2rPph...
[2026-03-03 13:09:07] SUKSES: Token berhasil diupdate untuk User ID 179.
[2026-03-03 13:40:08] Request Masuk! User ID: '117' | Token: fzRjWowsSH2rPph...
[2026-03-03 13:40:08] SUKSES: Token berhasil diupdate untuk User ID 117.
[2026-03-04 08:53:42] Request Masuk! User ID: '123' | Token: fzRjWowsSH2rPph...
[2026-03-04 08:53:42] SUKSES: Token berhasil diupdate untuk User ID 123.
[2026-03-04 09:06:47] Request Masuk! User ID: '60' | Token: fzRjWowsSH2rPph...
[2026-03-04 09:06:47] SUKSES: Token berhasil diupdate untuk User ID 60.
[2026-03-04 10:58:25] Request Masuk! User ID: '40' | Token: d7g3xSwxS6Gnsjc...
[2026-03-04 10:58:25] SUKSES: Token berhasil diupdate untuk User ID 40.
[2026-03-04 11:22:36] Request Masuk! User ID: '9' | Token: d7g3xSwxS6Gnsjc...
[2026-03-04 11:22:36] SUKSES: Token berhasil diupdate untuk User ID 9.
[2026-03-05 08:44:27] Request Masuk! User ID: '40' | Token: eLbnGmhdSsScJ9j...
[2026-03-05 08:44:27] SUKSES: Token berhasil diupdate untuk User ID 40.
[2026-03-05 08:44:59] Request Masuk! User ID: '60' | Token: fzRjWowsSH2rPph...
[2026-03-05 08:44:59] SUKSES: Token berhasil diupdate untuk User ID 60.
[2026-03-05 10:11:47] Request Masuk! User ID: '199' | Token: fzRjWowsSH2rPph...
[2026-03-05 10:11:47] SUKSES: Token berhasil diupdate untuk User ID 199.
[2026-03-05 11:15:19] Request Masuk! User ID: '40' | Token: eLbnGmhdSsScJ9j...
[2026-03-05 11:15:19] SUKSES: Token berhasil diupdate untuk User ID 40.
2026-03-05 11:17:23 [ASSIGNMENT] - Notification saved to DB for user 40, assignment 4
2026-03-05 11:17:23 [ASSIGNMENT] - FCM token found for user 40: eLbnGmhdSs...
2026-03-05 11:17:24 [ASSIGNMENT] - Google Access Token acquired
2026-03-05 11:17:24 [ASSIGNMENT] - FCM sent successfully to user 40
[2026-03-05 11:34:42] Request Masuk! User ID: '199' | Token: fzRjWowsSH2rPph...
[2026-03-05 11:34:42] SUKSES: Token berhasil diupdate untuk User ID 199.
[2026-03-05 11:46:21] Request Masuk! User ID: '40' | Token: eLbnGmhdSsScJ9j...
[2026-03-05 11:46:21] SUKSES: Token berhasil diupdate untuk User ID 40.
2026-03-05 11:48:57 [ASSIGNMENT] - Notification saved to DB for user 40, assignment 5
2026-03-05 11:48:57 [ASSIGNMENT] - FCM token found for user 40: eLbnGmhdSs...
2026-03-05 11:48:58 [ASSIGNMENT] - Google Access Token acquired
2026-03-05 11:48:58 [ASSIGNMENT] - FCM sent successfully to user 40
[2026-03-05 11:59:17] Request Masuk! User ID: '199' | Token: fzRjWowsSH2rPph...
[2026-03-05 11:59:17] SUKSES: Token berhasil diupdate untuk User ID 199.
[2026-03-05 12:01:48] Request Masuk! User ID: '199' | Token: fzRjWowsSH2rPph...
[2026-03-05 12:01:48] SUKSES: Token berhasil diupdate untuk User ID 199.
[2026-03-05 12:56:31] Request Masuk! User ID: '9' | Token: d7g3xSwxS6Gnsjc...
[2026-03-05 12:56:31] SUKSES: Token berhasil diupdate untuk User ID 9.
[2026-03-05 13:08:21] Request Masuk! User ID: '40' | Token: eLbnGmhdSsScJ9j...
[2026-03-05 13:08:21] SUKSES: Token berhasil diupdate untuk User ID 40.
[2026-03-05 13:20:31] Request Masuk! User ID: '199' | Token: fzRjWowsSH2rPph...
[2026-03-05 13:20:31] SUKSES: Token berhasil diupdate untuk User ID 199.
[2026-03-05 13:21:05] Request Masuk! User ID: '40' | Token: fzRjWowsSH2rPph...
[2026-03-05 13:21:05] SUKSES: Token berhasil diupdate untuk User ID 40.
[2026-03-05 13:43:52] Request Masuk! User ID: '40' | Token: eDUudrZOQKm5EtZ...
[2026-03-05 13:43:52] SUKSES: Token berhasil diupdate untuk User ID 40.
[2026-03-05 13:44:01] Request Masuk! User ID: '199' | Token: fzRjWowsSH2rPph...
[2026-03-05 13:44:01] SUKSES: Token berhasil diupdate untuk User ID 199.
2026-03-05 13:44:42 [ASSIGNMENT] - Notification saved to DB for user 40, assignment 6
2026-03-05 13:44:42 [ASSIGNMENT] - FCM token found for user 40: eDUudrZOQK...
2026-03-05 13:44:42 [ASSIGNMENT] - Google Access Token acquired
2026-03-05 13:44:43 [ASSIGNMENT] - FCM sent successfully to user 40
2026-03-05 13:54:50 [ASSIGNMENT] - Notification saved to DB for user 40, assignment 7
2026-03-05 13:54:50 [ASSIGNMENT] - FCM token found for user 40: eDUudrZOQK...
2026-03-05 13:54:50 [ASSIGNMENT] - Google Access Token acquired
2026-03-05 13:54:50 [ASSIGNMENT] - FCM sent successfully to user 40
[2026-03-05 13:55:20] Request Masuk! User ID: '40' | Token: eDUudrZOQKm5EtZ...
[2026-03-05 13:55:20] SUKSES: Token berhasil diupdate untuk User ID 40.
2026-03-05 14:14:28 [ASSIGNMENT] - Notification saved to DB for user 40, assignment 8
2026-03-05 14:14:28 [ASSIGNMENT] - FCM token found for user 40: eDUudrZOQK...
2026-03-05 14:14:28 [ASSIGNMENT] - Google Access Token acquired
2026-03-05 14:14:29 [ASSIGNMENT] - FCM sent successfully to user 40
[2026-03-05 14:14:51] Request Masuk! User ID: '40' | Token: eDUudrZOQKm5EtZ...
[2026-03-05 14:14:51] SUKSES: Token berhasil diupdate untuk User ID 40.
[2026-03-06 09:52:01] Request Masuk! User ID: '199' | Token: fzRjWowsSH2rPph...
[2026-03-06 09:52:01] SUKSES: Token berhasil diupdate untuk User ID 199.
[2026-03-06 10:13:34] Request Masuk! User ID: '40' | Token: fzRjWowsSH2rPph...
[2026-03-06 10:13:34] SUKSES: Token berhasil diupdate untuk User ID 40.
[2026-03-06 10:40:20] Request Masuk! User ID: '199' | Token: fzRjWowsSH2rPph...
[2026-03-06 10:40:20] SUKSES: Token berhasil diupdate untuk User ID 199.
[2026-03-06 10:47:20] Request Masuk! User ID: '40' | Token: eo3RdAffRumb6ZU...
[2026-03-06 10:47:20] SUKSES: Token berhasil diupdate untuk User ID 40.
2026-03-06 10:50:57 [ASSIGNMENT] - Notification saved to DB for user 40, assignment 9
2026-03-06 10:50:57 [ASSIGNMENT] - FCM token found for user 40: eo3RdAffRu...
2026-03-06 10:50:57 [ASSIGNMENT] - Google Access Token acquired
2026-03-06 10:50:57 [ASSIGNMENT] - FCM sent successfully to user 40
[2026-03-06 11:00:25] Request Masuk! User ID: '40' | Token: eo3RdAffRumb6ZU...
[2026-03-06 11:00:25] SUKSES: Token berhasil diupdate untuk User ID 40.
[2026-03-06 11:08:34] Request Masuk! User ID: '40' | Token: dyTN1IitTnOT5kU...
[2026-03-06 11:08:34] SUKSES: Token berhasil diupdate untuk User ID 40.
2026-03-06 11:10:08 [ASSIGNMENT] - Notification saved to DB for user 40, assignment 10
2026-03-06 11:10:08 [ASSIGNMENT] - FCM token found for user 40: dyTN1IitTn...
2026-03-06 11:10:08 [ASSIGNMENT] - Google Access Token acquired
2026-03-06 11:10:09 [ASSIGNMENT] - FCM sent successfully to user 40
[2026-03-06 11:50:43] Request Masuk! User ID: '40' | Token: eIg6tlkQS0ar9Vg...
[2026-03-06 11:50:43] SUKSES: Token berhasil diupdate untuk User ID 40.
[2026-03-06 11:52:12] Request Masuk! User ID: '40' | Token: eIg6tlkQS0ar9Vg...
[2026-03-06 11:52:12] SUKSES: Token berhasil diupdate untuk User ID 40.
[2026-03-06 12:01:58] Request Masuk! User ID: '40' | Token: eIg6tlkQS0ar9Vg...
[2026-03-06 12:01:58] SUKSES: Token berhasil diupdate untuk User ID 40.
[2026-03-06 12:47:10] Request Masuk! User ID: '40' | Token: cuUrpw49T_WvZuT...
[2026-03-06 12:47:10] SUKSES: Token berhasil diupdate untuk User ID 40.
2026-03-06 12:48:39 [ASSIGNMENT] - Notification saved to DB for user 40, assignment 11
2026-03-06 12:48:39 [ASSIGNMENT] - FCM token found for user 40: cuUrpw49T_...
2026-03-06 12:48:39 [ASSIGNMENT] - Google Access Token acquired
2026-03-06 12:48:40 [ASSIGNMENT] - FCM sent successfully to user 40
[2026-03-06 12:53:09] Request Masuk! User ID: '199' | Token: fzRjWowsSH2rPph...
[2026-03-06 12:53:09] SUKSES: Token berhasil diupdate untuk User ID 199.
